[
  {
    "addresses": {
      "holding": [
        31033
      ]
    },
    "key": "ambtemp",
    "name": "Ambient Temp",
    "scale": 0.1,
    "signed": true,
    "type": "sensor"
  },
  {
    "addresses": {
      "holding": [
        31035
      ]
    },
    "key": "bat_current",
    "name": "Battery Current",
    "scale": 0.1,
    "signed": true,
    "type": "sensor"
  },
  {
    "addresses": {
      "holding": [
        31036
      ]
    },
    "key": "battery_charge",
    "name": "Battery Charge",
    "scale": 0.001,
    "signed": true,
    "type": "sensor"
  },
  {
    "addresses": {
      "holding": [
        32005
      ]
    },
    "key": "battery_charge_today",
    "name": "Battery Charge Today",
    "scale": 0.1,
    "signed": true,
    "type": "sensor"
  },
  {
    "addresses": {
      "holding": [
        32004,
        32003
      ]
    },
    "key": "battery_charge_total",
    "name": "Battery Charge Total",
    "scale": 0.1,
    "signed": false,
    "type": "sensor"
  },
  {
    "addresses": {
      "holding": [
        31036
      ]
    },
    "key": "battery_discharge",
    "name": "Battery Discharge",
    "scale": 0.001,
    "signed": true,
    "type": "sensor"
  },
  {
    "addresses": {
      "holding": [
        32008
      ]
    },
    "key": "battery_discharge_today",
    "name": "Battery Discharge Today",
    "scale": 0.1,
    "signed": true,
    "type": "sensor"
  },
  {
    "addresses": {
      "holding": [
        32007,
        32006
      ]
    },
    "key": "battery_discharge_total",
    "name": "Battery Discharge Total",
    "scale": 0.1,
    "signed": false,
    "type": "sensor"
  },
  {
    "addresses": {
      "holding": [
        31038
      ]
    },
    "key": "battery_soc",
    "name": "Battery SoC",
    "scale": null,
    "signed": false,
    "type": "sensor"
  },
  {
    "addresses": {
      "holding": [
        31037
      ]
    },
    "key": "battery_temp",
    "name": "Battery Temp",
    "scale": 0.1,
    "signed": true,
    "type": "sensor"
  },
  {
    "addresses": {
      "holding": [
        31034
      ]
    },
    "key": "batvolt",
    "name": "Battery Voltage",
    "scale": 0.1,
    "signed": true,
    "type": "sensor"
  },
  {
    "addresses": {
      "holding": [
        31025
      ]
    },
    "key": "eps_frequency",
    "name": "EPS Frequency",
    "scale": 0.01,
    "signed": false,
    "type": "sensor"
  },
  {
    "addresses": {
      "holding": [
        31022
      ]
    },
    "key": "eps_power_R",
    "name": "EPS Power R",
    "scale": 0.001,
    "signed": true,
    "type": "sensor"
  },
  {
    "addresses": {
      "holding": [
        31023
      ]
    },
    "key": "eps_power_S",
    "name": "EPS Power S",
    "scale": 0.001,
    "signed": true,
    "type": "sensor"
  },
  {
    "addresses": {
      "holding": [
        31024
      ]
    },
    "key": "eps_power_T",
    "name": "EPS Power T",
    "scale": 0.001,
    "signed": true,
    "type": "sensor"
  },
  {
    "addresses": {
      "holding": [
        31026
      ]
    },
    "key": "feed_in_R",
    "name": "Feed-in R",
    "scale": 0.001,
    "signed": true,
    "type": "sensor"
  },
  {
    "addresses": {
      "holding": [
        31027
      ]
    },
    "key": "feed_in_S",
    "name": "Feed-in S",
    "scale": 0.001,
    "signed": true,
    "type": "sensor"
  },
  {
    "addresses": {
      "holding": [
        31028
      ]
    },
    "key": "feed_in_T",
    "name": "Feed-in T",
    "scale": 0.001,
    "signed": true,
    "type": "sensor"
  },
  {
    "addresses": {
      "holding": [
        32011
      ]
    },
    "key": "feed_in_energy_today",
    "name": "Feed-in Today",
    "scale": 0.1,
    "signed": true,
    "type": "sensor"
  },
  {
    "addresses": {
      "holding": [
        32010,
        32009
      ]
    },
    "key": "feed_in_energy_total",
    "name": "Feed-in Total",
    "scale": 0.1,
    "signed": false,
    "type": "sensor"
  },
  {
    "addresses": {
      "holding": [
        31026
      ]
    },
    "key": "grid_consumption_R",
    "name": "Grid Consumption R",
    "scale": 0.001,
    "signed": true,
    "type": "sensor"
  },
  {
    "addresses": {
      "holding": [
        31027
      ]
    },
    "key": "grid_consumption_S",
    "name": "Grid Consumption S",
    "scale": 0.001,
    "signed": true,
    "type": "sensor"
  },
  {
    "addresses": {
      "holding": [
        31028
      ]
    },
    "key": "grid_consumption_T",
    "name": "Grid Consumption T",
    "scale": 0.001,
    "signed": true,
    "type": "sensor"
  },
  {
    "addresses": {
      "holding": [
        32014
      ]
    },
    "key": "grid_consumption_energy_today",
    "name": "Grid Consumption Today",
    "scale": 0.1,
    "signed": true,
    "type": "sensor"
  },
  {
    "addresses": {
      "holding": [
        32013,
        32012
      ]
    },
    "key": "grid_consumption_energy_total",
    "name": "Grid Consumption Total",
    "scale": 0.1,
    "signed": false,
    "type": "sensor"
  },
  {
    "addresses": {
      "holding": [
        31026
      ]
    },
    "key": "grid_ct_R",
    "name": "Grid CT R",
    "scale": 0.001,
    "signed": true,
    "type": "sensor"
  },
  {
    "addresses": {
      "holding": [
        31027
      ]
    },
    "key": "grid_ct_S",
    "name": "Grid CT S",
    "scale": 0.001,
    "signed": true,
    "type": "sensor"
  },
  {
    "addresses": {
      "holding": [
        31028
      ]
    },
    "key": "grid_ct_T",
    "name": "Grid CT T",
    "scale": 0.001,
    "signed": true,
    "type": "sensor"
  },
  {
    "addresses": {
      "holding": [
        31006
      ]
    },
    "key": "grid_voltage_R",
    "name": "Grid Voltage R",
    "scale": 0.1,
    "signed": false,
    "type": "sensor"
  },
  {
    "addresses": {
      "holding": [
        31007
      ]
    },
    "key": "grid_voltage_S",
    "name": "Grid Voltage S",
    "scale": 0.1,
    "signed": false,
    "type": "sensor"
  },
  {
    "addresses": {
      "holding": [
        31008
      ]
    },
    "key": "grid_voltage_T",
    "name": "Grid Voltage T",
    "scale": 0.1,
    "signed": false,
    "type": "sensor"
  },
  {
    "addresses": {
      "holding": [
        32020
      ]
    },
    "key": "input_energy_today",
    "name": "Input Energy Today",
    "scale": 0.1,
    "signed": true,
    "type": "sensor"
  },
  {
    "addresses": {
      "holding": [
        32019,
        32018
      ]
    },
    "key": "input_energy_total",
    "name": "Input Energy Total",
    "scale": 0.1,
    "signed": false,
    "type": "sensor"
  },
  {
    "addresses": {
      "holding": [
        31009
      ]
    },
    "key": "inv_current_R",
    "name": "Inverter Current R",
    "scale": 0.1,
    "signed": true,
    "type": "sensor"
  },
  {
    "addresses": {
      "holding": [
        31010
      ]
    },
    "key": "inv_current_S",
    "name": "Inverter Current S",
    "scale": 0.1,
    "signed": true,
    "type": "sensor"
  },
  {
    "addresses": {
      "holding": [
        31011
      ]
    },
    "key": "inv_current_T",
    "name": "Inverter Current T",
    "scale": 0.1,
    "signed": true,
    "type": "sensor"
  },
  {
    "addresses": {
      "holding": [
        31012
      ]
    },
    "key": "inv_power_R",
    "name": "Inverter Power R",
    "scale": 0.001,
    "signed": true,
    "type": "sensor"
  },
  {
    "addresses": {
      "holding": [
        31013
      ]
    },
    "key": "inv_power_S",
    "name": "Inverter Power S",
    "scale": 0.001,
    "signed": true,
    "type": "sensor"
  },
  {
    "addresses": {
      "holding": [
        31014
      ]
    },
    "key": "inv_power_T",
    "name": "Inverter Power T",
    "scale": 0.001,
    "signed": true,
    "type": "sensor"
  },
  {
    "addresses": {
      "holding": [
        31036
      ]
    },
    "key": "invbatpower",
    "name": "Inverter Battery Power",
    "scale": 0.001,
    "signed": true,
    "type": "sensor"
  },
  {
    "addresses": {
      "holding": [
        31044,
        31045,
        31047,
        31048,
        31049,
        31050,
        31051
      ]
    },
    "faults": [
      [
        "Grid Lost Fault",
        "Grid Voltage Fault",
        "Grid Frequency Fault",
        "Grid 10min Voltage Fault",
        "EPS Voltage Fault",
        "Software Inverter Over-current Fault",
        "DCI Fault",
        null,
        "Hardware Inverter Over-current Fault",
        "Software Bus Voltage Fault",
        "Battery Voltage Fault",
        "Software Battery Over-current Fault",
        "Isolation Fault",
        "Residual Over-current Fault",
        "PV Voltage Fault",
        "Software PV Over-current Fault"
      ],
      [
        "Inverter Temperature Fault",
        "Ground Connection Fault",
        "Inverter Overload Fault",
        "EPS Overload Fault",
        "Battery Power Low Fault",
        "Hardware Bus Voltage Fault",
        "Hardware PV Over-current Fault",
        "Hardware Battery Over-current Fault",
        "SCI Fault",
        "Master SPI Fault",
        "BMS Lost Fault",
        null,
        null,
        null,
        null,
        null
      ],
      [
        "Master Sample Detection Fault",
        "Residual Current Detection Fault",
        "Inverter EEPROM Fault",
        "PV Connection Direction Fault",
        "Battery Relay Open",
        "Battery Relay Short Circuit",
        "Battery Buck Fault",
        "Battery Boost Fault",
        "EPS Relay Fault",
        "Short EPS Load Fault",
        "Battery Connection Direction Fault",
        "Main Relay Open",
        "S1 Close Fault",
        "S2 Close Fault",
        "M1 Close Fault",
        "M2 Close Fault"
      ],
      [
        "Grid Voltage Consistency Fault",
        "Grid Frequency Consistency Fault",
        "DCI Consistency Fault",
        "Residual Current Consistency Fault",
        null,
        null,
        "Slave SPI Fault",
        "Slave Sample Fault",
        "RDSP SPI Fault",
        "RDSP Sample Fault",
        null,
        null,
        null,
        null,
        null,
        null
      ],
      [
        "ARM EEPROM Fault",
        "Meter Lost Fault",
        null,
        null,
        null,
        null,
        null,
        null,
        null,
        null,
        null,
        null,
        null,
        null,
        null,
        null
      ],
      [
        "BMS External Fault",
        "BMS Internal Fault",
        "Battery Over-voltage",
        "Battery under-voltage",
        "BMS Charge Over-current",
        "BMS Discharge Over-current",
        "BMS Over-temperature",
        "BMS Under-temperature",
        "BMS Cell Imbalance",
        "BMS Hardware Protection Fault",
        "BMS Circuit Fault",
        "BMS Insulation Fault",
        "BMS Voltage Sensor Fault",
        "BMS Temperature Sensor Fault",
        "BMS Current Sensor Fault",
        "BMS Relay Fault"
      ],
      [
        "BMS Type Mismatch",
        "BMS Version Mismatch",
        "BMS Manufacturer Mismatch",
        "BMS Software/Hardware Mismatch",
        "BMS Master/Slave Mismatch",
        "BMS Charge Request Not Acknowledged",
        "BMS Supply Fault",
        null,
        "BMS Self Check Fault",
        "BMS Cell Temperature Difference Fault",
        "BMS Cell Voltage Break Line Fault",
        "BMS Self Check Voltage Mismatch Fault",
        "BMS Precharge Fault",
        "BMS Self Check HVB Fault",
        "BMS Self Check Pack Current Fault",
        "BMS Self Check Sys Mismatch Fault"
      ]
    ],
    "key": "inverter_fault_code",
    "name": "Inverter Fault Code",
    "type": "fault-sensor"
  },
  {
    "addresses": {
      "holding": [
        31032
      ]
    },
    "key": "invtemp",
    "name": "Inverter Temp",
    "scale": 0.1,
    "signed": true,
    "type": "sensor"
  },
  {
    "addresses": {
      "holding": [
        32023
      ]
    },
    "key": "load_energy_today",
    "name": "Load Energy Today",
    "scale": 0.1,
    "signed": true,
    "type": "sensor"
  },
  {
    "addresses": {
      "holding": [
        31029
      ]
    },
    "key": "load_power_R",
    "name": "Load Power R",
    "scale": 0.001,
    "signed": true,
    "type": "sensor"
  },
  {
    "addresses": {
      "holding": [
        31030
      ]
    },
    "key": "load_power_S",
    "name": "Load Power S",
    "scale": 0.001,
    "signed": true,
    "type": "sensor"
  },
  {
    "addresses": {
      "holding": [
        31031
      ]
    },
    "key": "load_power_T",
    "name": "Load Power T",
    "scale": 0.001,
    "signed": true,
    "type": "sensor"
  },
  {
    "addresses": {
      "holding": [
        32022,
        32021
      ]
    },
    "key": "load_power_total",
    "name": "Load Energy Total",
    "scale": 0.1,
    "signed": false,
    "type": "sensor"
  },
  {
    "addresses": {
      "holding": [
        30018
      ]
    },
    "is_hex": true,
    "key": "manager_version",
    "name": "Version: Manager",
    "type": "sensor"
  },
  {
    "addresses": {
      "holding": [
        30016
      ]
    },
    "is_hex": false,
    "key": "master_version",
    "name": "Version: Master",
    "type": "sensor"
  },
  {
    "addresses": {
      "holding": [
        41007
      ]
    },
    "key": "max_charge_current",
    "name": "Max Charge Current",
    "scale": 0.1,
    "signed": true,
    "type": "sensor"
  },
  {
    "addresses": {
      "holding": [
        41007
      ]
    },
    "key": "max_charge_current",
    "name": "Max Charge Current",
    "scale": 0.1,
    "type": "number"
  },
  {
    "addresses": {
      "holding": [
        41008
      ]
    },
    "key": "max_discharge_current",
    "name": "Max Discharge Current",
    "scale": 0.1,
    "signed": true,
    "type": "sensor"
  },
  {
    "addresses": {
      "holding": [
        41008
      ]
    },
    "key": "max_discharge_current",
    "name": "Max Discharge Current",
    "scale": 0.1,
    "type": "number"
  },
  {
    "addresses": {
      "holding": [
        41010
      ]
    },
    "key": "max_soc",
    "name": "Max SoC",
    "scale": null,
    "signed": true,
    "type": "sensor"
  },
  {
    "addresses": {
      "holding": [
        41010
      ]
    },
    "key": "max_soc",
    "name": "Max SoC",
    "scale": null,
    "type": "number"
  },
  {
    "addresses": {
      "holding": [
        41009
      ]
    },
    "key": "min_soc",
    "name": "Min SoC",
    "scale": null,
    "signed": true,
    "type": "sensor"
  },
  {
    "addresses": {
      "holding": [
        41009
      ]
    },
    "key": "min_soc",
    "name": "Min SoC",
    "scale": null,
    "type": "number"
  },
  {
    "addresses": {
      "holding": [
        41011
      ]
    },
    "key": "min_soc_on_grid",
    "name": "Min SoC (On Grid)",
    "scale": null,
    "signed": true,
    "type": "sensor"
  },
  {
    "addresses": {
      "holding": [
        41011
      ]
    },
    "key": "min_soc_on_grid",
    "name": "Min SoC (On Grid)",
    "scale": null,
    "type": "number"
  },
  {
    "addresses": {
      "holding": [
        31001
      ]
    },
    "key": "pv1_current",
    "name": "PV1 Current",
    "scale": 0.1,
    "signed": true,
    "type": "sensor"
  },
  {
    "key": "pv1_energy_total",
    "method": "left",
    "name": "PV1 Power Total",
    "register_types": "dict_keys(['input', 'holding'])",
    "source": "pv1_power",
    "type": "integration-sensor",
    "unit_time": "h"
  },
  {
    "addresses": {
      "holding": [
        31002
      ]
    },
    "key": "pv1_power",
    "name": "PV1 Power",
    "scale": 0.001,
    "signed": true,
    "type": "sensor"
  },
  {
    "addresses": {
      "holding": [
        31000
      ]
    },
    "key": "pv1_voltage",
    "name": "PV1 Voltage",
    "scale": 0.1,
    "signed": true,
    "type": "sensor"
  },
  {
    "addresses": {
      "holding": [
        31004
      ]
    },
    "key": "pv2_current",
    "name": "PV2 Current",
    "scale": 0.1,
    "signed": true,
    "type": "sensor"
  },
  {
    "key": "pv2_energy_total",
    "method": "left",
    "name": "PV2 Power Total",
    "register_types": "dict_keys(['input', 'holding'])",
    "source": "pv2_power",
    "type": "integration-sensor",
    "unit_time": "h"
  },
  {
    "addresses": {
      "holding": [
        31005
      ]
    },
    "key": "pv2_power",
    "name": "PV2 Power",
    "scale": 0.001,
    "signed": true,
    "type": "sensor"
  },
  {
    "addresses": {
      "holding": [
        31003
      ]
    },
    "key": "pv2_voltage",
    "name": "PV2 Voltage",
    "scale": 0.1,
    "signed": true,
    "type": "sensor"
  },
  {
    "key": "pv_power_now",
    "name": "PV Power",
    "register_types": "dict_keys(['input', 'holding'])",
    "sources": [
      "pv1_power",
      "pv2_power"
    ],
    "type": "lambda"
  },
  {
    "addresses": {
      "holding": [
        31015
      ]
    },
    "key": "rfreq",
    "name": "Grid Frequency",
    "scale": 0.01,
    "signed": false,
    "type": "sensor"
  },
  {
    "addresses": {
      "holding": [
        30017
      ]
    },
    "is_hex": false,
    "key": "slave_version",
    "name": "Version: Slave",
    "type": "sensor"
  },
  {
    "addresses": {
      "holding": [
        32002
      ]
    },
    "key": "solar_energy_today",
    "name": "Solar Generation Today",
    "scale": 0.1,
    "signed": false,
    "type": "sensor"
  },
  {
    "addresses": {
      "holding": [
        32001,
        32000
      ]
    },
    "key": "solar_energy_total",
    "name": "Solar Generation Total",
    "scale": 0.1,
    "signed": false,
    "type": "sensor"
  },
  {
    "addresses": {
      "holding": [
        31041
      ]
    },
    "key": "state_code",
    "name": "Inverter State Code",
    "scale": null,
    "signed": true,
    "type": "sensor"
  },
  {
    "addresses": {
      "holding": [
        32017
      ]
    },
    "key": "total_yield_today",
    "name": "Yield Today",
    "scale": 0.1,
    "signed": true,
    "type": "sensor"
  },
  {
    "addresses": {
      "holding": [
        32016,
        32015
      ]
    },
    "key": "total_yield_total",
    "name": "Yield Total",
    "scale": 0.1,
    "signed": false,
    "type": "sensor"
  },
  {
    "addresses": {
      "holding": [
        41000
      ]
    },
    "key": "work_mode",
    "name": "Work Mode",
    "type": "select",
    "values": {
      "0": "Self Use",
      "1": "Feed-in First",
      "2": "Back-up",
      "4": "Peak Shaving"
    }
  }
]
